// Jest Snapshot v1, https://goo.gl/fbAQLP

exports[`<App> 1`] = `
<div>
  App Component
</div>
`;
