// Jest Snapshot v1, https://goo.gl/fbAQLP

exports[`<Typography> render correctly default variant 1`] = `
<span>
  
</span>
`;
